../Core/Src/stm32f7xx_it.c:71:6:NMI_Handler	4	static
../Core/Src/stm32f7xx_it.c:82:6:hardfault_c	64	static,ignoring_inline_asm
../Core/Src/stm32f7xx_it.c:108:6:HardFault_Handler	4	static,ignoring_inline_asm
../Core/Src/stm32f7xx_it.c:123:6:MemManage_Handler	4	static
../Core/Src/stm32f7xx_it.c:138:6:BusFault_Handler	4	static
../Core/Src/stm32f7xx_it.c:153:6:UsageFault_Handler	4	static
../Core/Src/stm32f7xx_it.c:168:6:SVC_Handler	4	static
../Core/Src/stm32f7xx_it.c:181:6:DebugMon_Handler	4	static
../Core/Src/stm32f7xx_it.c:194:6:PendSV_Handler	4	static
../Core/Src/stm32f7xx_it.c:207:6:SysTick_Handler	8	static
